2012/11/12
统一smarty分界符为 {{, }}
为对话框提供标题
优化图书馆、体育场排版及部分对话框界面
将header中的style和script抽离进asset
添加登录后LOGO闪现效果（cookie precmd）

2012/11/14
改善登录后LOGO闪现效果
用户头像（reg, profile, my）

2012/11/15
扩大学院的选择范围
意见反馈

2012/11/17
在线列表
咖啡厅刷改善
通知不重复
更正讯息移除序号倒转BUG
必要时用POST方法接收

2012/11/18
AJAX 角斗场实时

2012/11/19
showLogo效果
咖啡厅权限
feedjson的dialog项
图片压缩
部分改写JQM表单元件样式

2012/11/20
更正showMessage持续时间
完善表单封装--新增validate方法
过滤 分隔符 my_safe.php
换用小图片

2012/11/21
更正confirmFriend函数重复签收BUG
注册时头像更新延迟
更正直接进入密码房BUG

计划：
练功场
类化 Page Mysql
赛马游戏强化
确认对话框

*实用性/互动性*
官方邮箱/微博
phrief@163.com